// Jest Snapshot v1, https://goo.gl/fbAQLP

exports[`Test Note Detail should match snapshot 1`] = `
<View
  style={
    Object {
      "height": "100%",
    }
  }
>
  <View
    style={
      Object {
        "alignItems": "center",
        "borderBottomWidth": 1,
        "borderColor": "#abc",
        "flexDirection": "row",
        "height": 50,
        "justifyContent": "space-between",
        "paddingHorizontal": 8,
        "width": "100%",
      }
    }
  >
    <View
      style={
        Object {
          "alignItems": "center",
          "flexDirection": "row",
        }
      }
    >
      <View
        accessible={true}
        collapsable={false}
        focusable={true}
        onClick={[Function]}
        onResponderGrant={[Function]}
        onResponderMove={[Function]}
        onResponderRelease={[Function]}
        onResponderTerminate={[Function]}
        onResponderTerminationRequest={[Function]}
        onStartShouldSetResponder={[Function]}
        style={
          Object {
            "opacity": 1,
          }
        }
        testID="note-detail-back"
      >
        <Image
          source={
            Object {
              "testUri": "../../../src/assets/left.png",
            }
          }
        />
      </View>
    </View>
    <View
      style={
        Object {
          "alignItems": "center",
          "flexDirection": "row",
        }
      }
    >
      <View
        accessible={true}
        collapsable={false}
        focusable={true}
        onClick={[Function]}
        onResponderGrant={[Function]}
        onResponderMove={[Function]}
        onResponderRelease={[Function]}
        onResponderTerminate={[Function]}
        onResponderTerminationRequest={[Function]}
        onStartShouldSetResponder={[Function]}
        style={
          Object {
            "opacity": 1,
          }
        }
        testID="note-detail-save"
      >
        <Image
          source={
            Object {
              "testUri": "../../../src/assets/save.png",
            }
          }
        />
      </View>
      <View
        accessible={true}
        collapsable={false}
        focusable={true}
        onClick={[Function]}
        onResponderGrant={[Function]}
        onResponderMove={[Function]}
        onResponderRelease={[Function]}
        onResponderTerminate={[Function]}
        onResponderTerminationRequest={[Function]}
        onStartShouldSetResponder={[Function]}
        style={
          Object {
            "opacity": 1,
          }
        }
        testID="note-detail-delete"
      >
        <Image
          source={
            Object {
              "testUri": "../../../src/assets/delete.png",
            }
          }
        />
      </View>
    </View>
  </View>
  <View
    style={
      Object {
        "height": "100%",
      }
    }
  >
    <View
      style={
        Object {
          "borderColor": "#eeeee4",
          "borderWidth": 2,
          "height": "80%",
          "marginHorizontal": 16,
          "padding": 16,
        }
      }
    >
      <TextInput
        autoFocus={true}
        multiline={true}
        onChangeText={[Function]}
        placeholder="Edit your note"
        selectionColor="#000"
        style={
          Object {
            "fontSize": 20,
          }
        }
        testID="note-detail-text-input"
        value="some description"
      />
    </View>
  </View>
</View>
`;
