// Jest Snapshot v1, https://goo.gl/fbAQLP

exports[`Home with success data should match snapshot 1`] = `
<View
  style={
    Object {
      "alignItems": "center",
      "borderBottomWidth": 1,
      "borderColor": "#abc",
      "flexDirection": "row",
      "height": 50,
      "justifyContent": "space-between",
      "paddingHorizontal": 8,
      "width": "100%",
    }
  }
/>
`;
